[2026-08-19T18:03:42.622Z] GET http://localhost:8642/ → 200 (3ms, 64636B)
[2026-08-19T18:03:42.627Z] GET https://api.fontshare.com/v2/css?f[]=bespoke-slab@500,700&display=swap → 200 (131ms, 1193B)
[2026-08-19T18:03:42.768Z] GET https://stream.revma.ihrhls.com/zc8378 → pending (?ms, ?B)
[2026-08-19T18:03:42.768Z] GET https://api.open-meteo.com/v1/forecast?latitude=40.786&longitude=-119.204&timezone=America%2FLos_Angeles&wind_speed_unit=mph&temperature_unit=fahrenheit&precipitation_unit=inch&forecast_days=16&current=temperature_2m,wind_speed_10m,wind_gusts_10m,wind_direction_10m,relative_humidity_2m,precipitation&daily=temperature_2m_max,temperature_2m_min,precipitation_sum,precipitation_probability_max,wind_gusts_10m_max,wind_speed_10m_max,sunrise,sunset&hourly=wind_gusts_10m,wind_speed_10m,wind_direction_10m,temperature_2m,relative_humidity_2m,precipitation_probability → pending (?ms, ?B)
[2026-08-19T18:03:42.768Z] GET https://archive-api.open-meteo.com/v1/archive?latitude=40.786&longitude=-119.204&timezone=America%2FLos_Angeles&wind_speed_unit=mph&temperature_unit=fahrenheit&precipitation_unit=inch&start_date=2016-08-20&end_date=2025-09-10&daily=temperature_2m_max,temperature_2m_min,wind_gusts_10m_max,precipitation_sum → pending (?ms, ?B)
[2026-08-19T18:03:42.768Z] GET https://api.open-meteo.com/v1/forecast?latitude=40.786&longitude=-119.204&timezone=America%2FLos_Angeles&wind_speed_unit=mph&temperature_unit=fahrenheit&precipitation_unit=inch&forecast_days=10&daily=wind_gusts_10m_max,precipitation_sum&models=gfs_hrrr,gfs_seamless,ecmwf_ifs025,icon_seamless → pending (?ms, ?B)
[2026-08-19T18:03:42.768Z] GET https://air-quality-api.open-meteo.com/v1/air-quality?latitude=40.786&longitude=-119.204&current=pm2_5,us_aqi&hourly=pm2_5,us_aqi&forecast_days=4&timezone=America%2FLos_Angeles → pending (?ms, ?B)
[2026-08-19T18:03:42.768Z] GET https://api.weather.gov/alerts/active?point=40.786,-119.204 → pending (?ms, ?B)
[2026-08-19T18:03:42.768Z] GET https://api.weather.gov/gridpoints/REV/76,159/stations → pending (?ms, ?B)
[2026-08-19T18:03:42.794Z] GET https://cdn.fontshare.com/wf/ASXAL37DMRMQE7T25QCCWPXSZ3V35LVR/2DPB6NRXI7LUGGWPHV2DD2X5INN5JJO3/LX2N2Z5MOHIUFV7ETXAKINAZUE2EFOJJ.woff2 → 200 (143ms, 23320B)
[2026-08-19T18:03:42.794Z] GET https://stream.revma.ihrhls.com/zc8378 → pending (?ms, ?B)
[2026-08-19T18:03:43.092Z] GET https://api.weather.gov/stations/BLUN2/observations/latest → 200 (50ms, 4066B)
[2026-08-19T18:03:43.092Z] GET https://api.weather.gov/stations/FOXN2/observations/latest → 200 (317ms, 4062B)
[2026-08-19T18:03:43.092Z] GET https://api.weather.gov/stations/BUFN2/observations/latest → 200 (97ms, 4063B)
[2026-08-19T18:03:43.092Z] GET https://api.weather.gov/stations/MJBN2/observations/latest → 200 (316ms, 4054B)
[2026-08-19T18:03:43.092Z] GET https://api.weather.gov/stations/JSPN2/observations/latest → 200 (624ms, 4064B)
[2026-08-19T18:03:43.092Z] GET https://api.weather.gov/stations/BUFC1/observations/latest → 200 (165ms, 4031B)
[2026-08-19T18:03:43.568Z] GET https://cdn.fontshare.com/wf/XBGER7VBO7TVVE23JP6VQ76CQ3YZ5CLP/QINYATOYLQZOXFDWZ4FCA4PQJ6H7SNHC/JDWHS3DXBQ3JN2NKFBYYB47EHMYJEAGU.woff2 → 200 (27ms, 23340B)
[2026-08-19T18:03:44.681Z] GET http://localhost:8642/ → 200 (3ms, 64636B)
[2026-08-19T18:03:44.685Z] GET https://api.fontshare.com/v2/css?f[]=bespoke-slab@500,700&display=swap → 200 (?ms, 1193B)
[2026-08-19T18:03:44.688Z] GET https://api.open-meteo.com/v1/forecast?latitude=40.786&longitude=-119.204&timezone=America%2FLos_Angeles&wind_speed_unit=mph&temperature_unit=fahrenheit&precipitation_unit=inch&forecast_days=16&current=temperature_2m,wind_speed_10m,wind_gusts_10m,wind_direction_10m,relative_humidity_2m,precipitation&daily=temperature_2m_max,temperature_2m_min,precipitation_sum,precipitation_probability_max,wind_gusts_10m_max,wind_speed_10m_max,sunrise,sunset&hourly=wind_gusts_10m,wind_speed_10m,wind_direction_10m,temperature_2m,relative_humidity_2m,precipitation_probability → 200 (200ms, 18534B)
[2026-08-19T18:03:44.688Z] GET https://archive-api.open-meteo.com/v1/archive?latitude=40.786&longitude=-119.204&timezone=America%2FLos_Angeles&wind_speed_unit=mph&temperature_unit=fahrenheit&precipitation_unit=inch&start_date=2016-08-20&end_date=2025-09-10&daily=temperature_2m_max,temperature_2m_min,wind_gusts_10m_max,precipitation_sum → 200 (206ms, 112616B)
[2026-08-19T18:03:44.688Z] GET https://api.open-meteo.com/v1/forecast?latitude=40.786&longitude=-119.204&timezone=America%2FLos_Angeles&wind_speed_unit=mph&temperature_unit=fahrenheit&precipitation_unit=inch&forecast_days=10&daily=wind_gusts_10m_max,precipitation_sum&models=gfs_hrrr,gfs_seamless,ecmwf_ifs025,icon_seamless → 200 (193ms, 1404B)
[2026-08-19T18:03:44.688Z] GET https://air-quality-api.open-meteo.com/v1/air-quality?latitude=40.786&longitude=-119.204&current=pm2_5,us_aqi&hourly=pm2_5,us_aqi&forecast_days=4&timezone=America%2FLos_Angeles → 200 (184ms, 2967B)
[2026-08-19T18:03:44.688Z] GET https://api.weather.gov/alerts/active?point=40.786,-119.204 → 200 (5ms, 232B)
[2026-08-19T18:03:44.689Z] GET https://api.weather.gov/gridpoints/REV/76,159/stations → 200 (4ms, 165901B)
[2026-08-19T18:03:44.689Z] GET https://cdn.fontshare.com/wf/ASXAL37DMRMQE7T25QCCWPXSZ3V35LVR/2DPB6NRXI7LUGGWPHV2DD2X5INN5JJO3/LX2N2Z5MOHIUFV7ETXAKINAZUE2EFOJJ.woff2 → 200 (3ms, 23320B)
[2026-08-19T18:03:44.693Z] GET https://stream.revma.ihrhls.com/zc8378 → 503 (85ms, ?B)
[2026-08-19T18:03:44.694Z] GET https://api.weather.gov/stations/BLUN2/observations/latest → 200 (?ms, 4066B)
[2026-08-19T18:03:44.694Z] GET https://api.weather.gov/stations/FOXN2/observations/latest → 200 (1ms, 4062B)
[2026-08-19T18:03:44.694Z] GET https://api.weather.gov/stations/BUFN2/observations/latest → 200 (1ms, 4063B)
[2026-08-19T18:03:44.694Z] GET https://api.weather.gov/stations/MJBN2/observations/latest → 200 (1ms, 4054B)
[2026-08-19T18:03:44.694Z] GET https://api.weather.gov/stations/JSPN2/observations/latest → 200 (1ms, 4064B)
[2026-08-19T18:03:44.694Z] GET https://api.weather.gov/stations/BUFC1/observations/latest → 200 (1ms, 4031B)
[2026-08-19T18:03:44.893Z] GET https://cdn.fontshare.com/wf/XBGER7VBO7TVVE23JP6VQ76CQ3YZ5CLP/QINYATOYLQZOXFDWZ4FCA4PQJ6H7SNHC/JDWHS3DXBQ3JN2NKFBYYB47EHMYJEAGU.woff2 → 200 (?ms, 23340B)
[2026-08-19T18:05:01.837Z] GET http://localhost:8642/?demo=rain → 200 (2ms, 64909B)
[2026-08-19T18:05:01.842Z] GET https://api.fontshare.com/v2/css?f[]=bespoke-slab@500,700&display=swap → 200 (?ms, 1193B)
[2026-08-19T18:05:01.845Z] GET https://api.open-meteo.com/v1/forecast?latitude=40.786&longitude=-119.204&timezone=America%2FLos_Angeles&wind_speed_unit=mph&temperature_unit=fahrenheit&precipitation_unit=inch&forecast_days=16&current=temperature_2m,wind_speed_10m,wind_gusts_10m,wind_direction_10m,relative_humidity_2m,precipitation&daily=temperature_2m_max,temperature_2m_min,precipitation_sum,precipitation_probability_max,wind_gusts_10m_max,wind_speed_10m_max,sunrise,sunset&hourly=wind_gusts_10m,wind_speed_10m,wind_direction_10m,temperature_2m,relative_humidity_2m,precipitation_probability → pending (?ms, ?B)
[2026-08-19T18:05:01.845Z] GET https://archive-api.open-meteo.com/v1/archive?latitude=40.786&longitude=-119.204&timezone=America%2FLos_Angeles&wind_speed_unit=mph&temperature_unit=fahrenheit&precipitation_unit=inch&start_date=2016-08-20&end_date=2025-09-10&daily=temperature_2m_max,temperature_2m_min,wind_gusts_10m_max,precipitation_sum → pending (?ms, ?B)
[2026-08-19T18:05:01.845Z] GET https://api.open-meteo.com/v1/forecast?latitude=40.786&longitude=-119.204&timezone=America%2FLos_Angeles&wind_speed_unit=mph&temperature_unit=fahrenheit&precipitation_unit=inch&forecast_days=10&daily=wind_gusts_10m_max,precipitation_sum&models=gfs_hrrr,gfs_seamless,ecmwf_ifs025,icon_seamless → pending (?ms, ?B)
[2026-08-19T18:05:01.845Z] GET https://air-quality-api.open-meteo.com/v1/air-quality?latitude=40.786&longitude=-119.204&current=pm2_5,us_aqi&hourly=pm2_5,us_aqi&forecast_days=4&timezone=America%2FLos_Angeles → pending (?ms, ?B)
[2026-08-19T18:05:01.845Z] GET https://api.weather.gov/alerts/active?point=40.786,-119.204 → pending (?ms, ?B)
[2026-08-19T18:05:01.845Z] GET https://api.weather.gov/gridpoints/REV/76,159/stations → 200 (6ms, 165901B)
[2026-08-19T18:05:01.845Z] GET https://cdn.fontshare.com/wf/XBGER7VBO7TVVE23JP6VQ76CQ3YZ5CLP/QINYATOYLQZOXFDWZ4FCA4PQJ6H7SNHC/JDWHS3DXBQ3JN2NKFBYYB47EHMYJEAGU.woff2 → 200 (?ms, ?B)
[2026-08-19T18:05:01.845Z] GET https://cdn.fontshare.com/wf/ASXAL37DMRMQE7T25QCCWPXSZ3V35LVR/2DPB6NRXI7LUGGWPHV2DD2X5INN5JJO3/LX2N2Z5MOHIUFV7ETXAKINAZUE2EFOJJ.woff2 → 200 (1ms, ?B)
[2026-08-19T18:05:01.851Z] GET https://stream.revma.ihrhls.com/zc8378 → pending (?ms, ?B)
[2026-08-19T18:05:01.852Z] GET https://api.weather.gov/stations/BLUN2/observations/latest → pending (?ms, ?B)
[2026-08-19T18:05:01.852Z] GET https://api.weather.gov/stations/FOXN2/observations/latest → 200 (?ms, 4062B)
[2026-08-19T18:05:01.852Z] GET https://api.weather.gov/stations/BUFN2/observations/latest → 200 (?ms, 4063B)
[2026-08-19T18:05:01.852Z] GET https://api.weather.gov/stations/MJBN2/observations/latest → 200 (?ms, 4054B)
[2026-08-19T18:05:01.852Z] GET https://api.weather.gov/stations/JSPN2/observations/latest → 200 (?ms, 4064B)
[2026-08-19T18:05:01.852Z] GET https://api.weather.gov/stations/BUFC1/observations/latest → 200 (?ms, 4031B)
[2026-08-19T18:06:00.310Z] GET http://localhost:8642/?demo=rain → 200 (1ms, 64879B)
[2026-08-19T18:06:00.313Z] GET https://api.fontshare.com/v2/css?f[]=bespoke-slab@500,700&display=swap → 200 (1ms, 1193B)
[2026-08-19T18:06:00.315Z] GET https://api.open-meteo.com/v1/forecast?latitude=40.786&longitude=-119.204&timezone=America%2FLos_Angeles&wind_speed_unit=mph&temperature_unit=fahrenheit&precipitation_unit=inch&forecast_days=16&current=temperature_2m,wind_speed_10m,wind_gusts_10m,wind_direction_10m,relative_humidity_2m,precipitation&daily=temperature_2m_max,temperature_2m_min,precipitation_sum,precipitation_probability_max,wind_gusts_10m_max,wind_speed_10m_max,sunrise,sunset&hourly=wind_gusts_10m,wind_speed_10m,wind_direction_10m,temperature_2m,relative_humidity_2m,precipitation_probability → 200 (233ms, 18534B)
[2026-08-19T18:06:00.315Z] GET https://archive-api.open-meteo.com/v1/archive?latitude=40.786&longitude=-119.204&timezone=America%2FLos_Angeles&wind_speed_unit=mph&temperature_unit=fahrenheit&precipitation_unit=inch&start_date=2016-08-20&end_date=2025-09-10&daily=temperature_2m_max,temperature_2m_min,wind_gusts_10m_max,precipitation_sum → pending (?ms, ?B)
[2026-08-19T18:06:00.315Z] GET https://api.open-meteo.com/v1/forecast?latitude=40.786&longitude=-119.204&timezone=America%2FLos_Angeles&wind_speed_unit=mph&temperature_unit=fahrenheit&precipitation_unit=inch&forecast_days=10&daily=wind_gusts_10m_max,precipitation_sum&models=gfs_hrrr,gfs_seamless,ecmwf_ifs025,icon_seamless → 200 (471ms, 1403B)
[2026-08-19T18:06:00.315Z] GET https://air-quality-api.open-meteo.com/v1/air-quality?latitude=40.786&longitude=-119.204&current=pm2_5,us_aqi&hourly=pm2_5,us_aqi&forecast_days=4&timezone=America%2FLos_Angeles → 200 (183ms, 2967B)
[2026-08-19T18:06:00.315Z] GET https://api.weather.gov/alerts/active?point=40.786,-119.204 → 200 (359ms, 232B)
[2026-08-19T18:06:00.315Z] GET https://api.weather.gov/gridpoints/REV/76,159/stations → 200 (4ms, 165901B)
[2026-08-19T18:06:00.316Z] GET https://cdn.fontshare.com/wf/XBGER7VBO7TVVE23JP6VQ76CQ3YZ5CLP/QINYATOYLQZOXFDWZ4FCA4PQJ6H7SNHC/JDWHS3DXBQ3JN2NKFBYYB47EHMYJEAGU.woff2 → 200 (?ms, ?B)
[2026-08-19T18:06:00.316Z] GET https://cdn.fontshare.com/wf/ASXAL37DMRMQE7T25QCCWPXSZ3V35LVR/2DPB6NRXI7LUGGWPHV2DD2X5INN5JJO3/LX2N2Z5MOHIUFV7ETXAKINAZUE2EFOJJ.woff2 → 200 (?ms, ?B)
[2026-08-19T18:06:00.317Z] GET https://stream.revma.ihrhls.com/zc8378 → 503 (256ms, ?B)
[2026-08-19T18:06:00.320Z] GET https://api.weather.gov/stations/BLUN2/observations/latest → 200 (2ms, 4038B)
[2026-08-19T18:06:00.320Z] GET https://api.weather.gov/stations/FOXN2/observations/latest → 200 (2ms, 4062B)
[2026-08-19T18:06:00.320Z] GET https://api.weather.gov/stations/BUFN2/observations/latest → 200 (2ms, 4063B)
[2026-08-19T18:06:00.320Z] GET https://api.weather.gov/stations/MJBN2/observations/latest → 200 (2ms, 4054B)
[2026-08-19T18:06:00.321Z] GET https://api.weather.gov/stations/JSPN2/observations/latest → 200 (1ms, 4064B)
[2026-08-19T18:06:00.321Z] GET https://api.weather.gov/stations/BUFC1/observations/latest → 200 (2ms, 4031B)
[2026-08-19T18:06:02.209Z] GET http://localhost:8642/?demo=rain → 200 (2ms, 64879B)
[2026-08-19T18:06:02.213Z] GET https://api.fontshare.com/v2/css?f[]=bespoke-slab@500,700&display=swap → 200 (?ms, 1193B)
[2026-08-19T18:06:02.215Z] GET https://api.open-meteo.com/v1/forecast?latitude=40.786&longitude=-119.204&timezone=America%2FLos_Angeles&wind_speed_unit=mph&temperature_unit=fahrenheit&precipitation_unit=inch&forecast_days=16&current=temperature_2m,wind_speed_10m,wind_gusts_10m,wind_direction_10m,relative_humidity_2m,precipitation&daily=temperature_2m_max,temperature_2m_min,precipitation_sum,precipitation_probability_max,wind_gusts_10m_max,wind_speed_10m_max,sunrise,sunset&hourly=wind_gusts_10m,wind_speed_10m,wind_direction_10m,temperature_2m,relative_humidity_2m,precipitation_probability → 200 (414ms, 18534B)
[2026-08-19T18:06:02.215Z] GET https://archive-api.open-meteo.com/v1/archive?latitude=40.786&longitude=-119.204&timezone=America%2FLos_Angeles&wind_speed_unit=mph&temperature_unit=fahrenheit&precipitation_unit=inch&start_date=2016-08-20&end_date=2025-09-10&daily=temperature_2m_max,temperature_2m_min,wind_gusts_10m_max,precipitation_sum → 200 (403ms, 112615B)
[2026-08-19T18:06:02.215Z] GET https://api.open-meteo.com/v1/forecast?latitude=40.786&longitude=-119.204&timezone=America%2FLos_Angeles&wind_speed_unit=mph&temperature_unit=fahrenheit&precipitation_unit=inch&forecast_days=10&daily=wind_gusts_10m_max,precipitation_sum&models=gfs_hrrr,gfs_seamless,ecmwf_ifs025,icon_seamless → 200 (314ms, 1402B)
[2026-08-19T18:06:02.215Z] GET https://air-quality-api.open-meteo.com/v1/air-quality?latitude=40.786&longitude=-119.204&current=pm2_5,us_aqi&hourly=pm2_5,us_aqi&forecast_days=4&timezone=America%2FLos_Angeles → 200 (175ms, 2968B)
[2026-08-19T18:06:02.215Z] GET https://api.weather.gov/alerts/active?point=40.786,-119.204 → 200 (2ms, 232B)
[2026-08-19T18:06:02.215Z] GET https://api.weather.gov/gridpoints/REV/76,159/stations → 200 (4ms, 165901B)
[2026-08-19T18:06:02.216Z] GET https://cdn.fontshare.com/wf/XBGER7VBO7TVVE23JP6VQ76CQ3YZ5CLP/QINYATOYLQZOXFDWZ4FCA4PQJ6H7SNHC/JDWHS3DXBQ3JN2NKFBYYB47EHMYJEAGU.woff2 → 200 (?ms, ?B)
[2026-08-19T18:06:02.216Z] GET https://cdn.fontshare.com/wf/ASXAL37DMRMQE7T25QCCWPXSZ3V35LVR/2DPB6NRXI7LUGGWPHV2DD2X5INN5JJO3/LX2N2Z5MOHIUFV7ETXAKINAZUE2EFOJJ.woff2 → 200 (?ms, ?B)
[2026-08-19T18:06:02.217Z] GET https://stream.revma.ihrhls.com/zc8378 → 503 (306ms, ?B)
[2026-08-19T18:06:02.220Z] GET https://api.weather.gov/stations/BLUN2/observations/latest → 200 (2ms, 4038B)
[2026-08-19T18:06:02.220Z] GET https://api.weather.gov/stations/FOXN2/observations/latest → 200 (2ms, 4062B)
[2026-08-19T18:06:02.220Z] GET https://api.weather.gov/stations/BUFN2/observations/latest → 200 (2ms, 4063B)
[2026-08-19T18:06:02.220Z] GET https://api.weather.gov/stations/MJBN2/observations/latest → 200 (2ms, 4054B)
[2026-08-19T18:06:02.220Z] GET https://api.weather.gov/stations/JSPN2/observations/latest → 200 (2ms, 4064B)
[2026-08-19T18:06:02.220Z] GET https://api.weather.gov/stations/BUFC1/observations/latest → 200 (3ms, 4031B)
